main.c:191:6:readIICEEPROM_2402C	24	static
main.c:195:6:writeIICEEPROM_2402C	32	static
main.c:222:5:main	136	static,ignoring_inline_asm
main.c:404:6:SystemClock_Config	232	static
main.c:466:13:MX_I2C1_Init	8	static
main.c:512:13:MX_I2C2_Init	8	static
main.c:558:13:MX_IWDG_Init	8	static
main.c:587:13:MX_SPI1_Init	8	static
main.c:627:13:MX_USART6_UART_Init	8	static
main.c:660:13:MX_DMA_Init	16	static
main.c:688:13:MX_GPIO_Init	48	static
main.c:731:6:HAL_GPIO_EXTI_Callback	24	static,ignoring_inline_asm
main.c:771:6:HAL_UART_RxCpltCallback	24	static
main.c:817:6:ADC_Thread	24	static
main.c:850:6:FFT_Thread	24	static
main.c:936:6:Error_Handler	4	static
